------------------------------------------------------------
TimeQuest Timing Analyzer Summary
------------------------------------------------------------

Type  : Slow Model Setup 'sdram_phase180:inst25|altpll:altpll_component|_clk0'
Slack : -0.381
TNS   : -0.381

Type  : Slow Model Setup 'PLL_SDRAM:inst26|altpll:altpll_component|_clk0'
Slack : 2.127
TNS   : 0.000

Type  : Slow Model Setup 'PLL_TEST:inst7|altpll:altpll_component|_clk0'
Slack : 3.330
TNS   : 0.000

Type  : Slow Model Hold 'sdram_phase180:inst25|altpll:altpll_component|_clk0'
Slack : 0.384
TNS   : 0.000

Type  : Slow Model Hold 'PLL_SDRAM:inst26|altpll:altpll_component|_clk0'
Slack : 0.393
TNS   : 0.000

Type  : Slow Model Hold 'PLL_TEST:inst7|altpll:altpll_component|_clk0'
Slack : 0.393
TNS   : 0.000

Type  : Slow Model Recovery 'sdram_phase180:inst25|altpll:altpll_component|_clk0'
Slack : -3.324
TNS   : -1134.027

Type  : Slow Model Recovery 'PLL_SDRAM:inst26|altpll:altpll_component|_clk0'
Slack : 2.566
TNS   : 0.000

Type  : Slow Model Recovery 'PLL_TEST:inst7|altpll:altpll_component|_clk0'
Slack : 3.420
TNS   : 0.000

Type  : Slow Model Removal 'PLL_SDRAM:inst26|altpll:altpll_component|_clk0'
Slack : -0.932
TNS   : -0.932

Type  : Slow Model Removal 'sdram_phase180:inst25|altpll:altpll_component|_clk0'
Slack : 1.163
TNS   : 0.000

Type  : Slow Model Removal 'PLL_TEST:inst7|altpll:altpll_component|_clk0'
Slack : 3.476
TNS   : 0.000

Type  : Fast Model Setup 'sdram_phase180:inst25|altpll:altpll_component|_clk0'
Slack : 1.812
TNS   : 0.000

Type  : Fast Model Setup 'PLL_SDRAM:inst26|altpll:altpll_component|_clk0'
Slack : 3.378
TNS   : 0.000

Type  : Fast Model Setup 'PLL_TEST:inst7|altpll:altpll_component|_clk0'
Slack : 3.912
TNS   : 0.000

Type  : Fast Model Hold 'sdram_phase180:inst25|altpll:altpll_component|_clk0'
Slack : 0.188
TNS   : 0.000

Type  : Fast Model Hold 'PLL_TEST:inst7|altpll:altpll_component|_clk0'
Slack : 0.198
TNS   : 0.000

Type  : Fast Model Hold 'PLL_SDRAM:inst26|altpll:altpll_component|_clk0'
Slack : 0.199
TNS   : 0.000

Type  : Fast Model Recovery 'sdram_phase180:inst25|altpll:altpll_component|_clk0'
Slack : 0.273
TNS   : 0.000

Type  : Fast Model Recovery 'PLL_SDRAM:inst26|altpll:altpll_component|_clk0'
Slack : 3.125
TNS   : 0.000

Type  : Fast Model Recovery 'PLL_TEST:inst7|altpll:altpll_component|_clk0'
Slack : 3.706
TNS   : 0.000

Type  : Fast Model Removal 'PLL_SDRAM:inst26|altpll:altpll_component|_clk0'
Slack : -0.239
TNS   : -0.239

Type  : Fast Model Removal 'sdram_phase180:inst25|altpll:altpll_component|_clk0'
Slack : 0.608
TNS   : 0.000

Type  : Fast Model Removal 'PLL_TEST:inst7|altpll:altpll_component|_clk0'
Slack : 1.786
TNS   : 0.000

------------------------------------------------------------
